<html>
<body>
<pre>
<h1>µVision Build Log</h1>
<h2>Project:</h2>
E:\MALLANAGOUDA\MY WORK\ARM-09\Software\DC Motor\DCmotor.uvproj
Project File Date:  03/27/2019

<h2>Output:</h2>
Build target 'Target 1'
assembling Startup.s...
compiling DCmotor.c...
linking...
Program Size: Code=828 RO-data=32 RW-data=4 ZI-data=1260  
"DCmotor.axf" - 0 Error(s), 0 Warning(s).
Build target 'Target 1'
assembling Startup.s...
compiling DCmotor.c...
linking...
Program Size: Code=728 RO-data=32 RW-data=4 ZI-data=1164  
FromELF: creating hex file...
"DCmotor.axf" - 0 Error(s), 0 Warning(s).
Build target 'Target 1'
assembling Startup.s...
compiling DCmotor.c...
linking...
Program Size: Code=728 RO-data=32 RW-data=4 ZI-data=1164  
FromELF: creating hex file...
"DCmotor.axf" - 0 Error(s), 0 Warning(s).
Build target 'Target 1'
assembling Startup.s...
compiling DCmotor.c...
linking...
Program Size: Code=728 RO-data=32 RW-data=4 ZI-data=1164  
FromELF: creating hex file...
"DCmotor.axf" - 0 Error(s), 0 Warning(s).
