<html>
<body>
<pre>
<h1>µVision Build Log</h1>
<h2>Project:</h2>
E:\MALLANAGOUDA\MY WORK\ARM-09\Software\DAC\Square\Suare.uvproj
Project File Date:  03/27/2019

<h2>Output:</h2>
Build target 'Target 1'
assembling Startup.s...
linking...
Suare.axf: Warning: L6665W: Neither Lib$$Request$$armlib Lib$$Request$$cpplib defined, not searching ARM libraries.
Suare.axf: Error: L6411E: No compatible library exists with a definition of startup symbol __main.
Target not created
Build target 'Target 1'
assembling Startup.s...
linking...
Suare.axf: Warning: L6665W: Neither Lib$$Request$$armlib Lib$$Request$$cpplib defined, not searching ARM libraries.
Suare.axf: Error: L6411E: No compatible library exists with a definition of startup symbol __main.
Target not created
Build target 'Target 1'
compiling Square.c...
linking...
Program Size: Code=568 RO-data=16 RW-data=0 ZI-data=1256  
"Suare.axf" - 0 Error(s), 0 Warning(s).
Build target 'Target 1'
assembling Startup.s...
compiling Square.c...
linking...
Program Size: Code=568 RO-data=16 RW-data=0 ZI-data=1256  
"Suare.axf" - 0 Error(s), 0 Warning(s).
Build target 'Target 1'
assembling Startup.s...
compiling Square.c...
linking...
Program Size: Code=508 RO-data=16 RW-data=0 ZI-data=1160  
FromELF: creating hex file...
"Suare.axf" - 0 Error(s), 0 Warning(s).
Build target 'Target 1'
assembling Startup.s...
compiling Square.c...
linking...
Program Size: Code=508 RO-data=16 RW-data=0 ZI-data=1160  
FromELF: creating hex file...
"Suare.axf" - 0 Error(s), 0 Warning(s).
