<html>
<body>
<pre>
<h1>µVision Build Log</h1>
<h2>Project:</h2>
C:\Users\kleit\Desktop\ARM KITS PROGRAM FOR CS DEPT\ARM7_09 WITH NIFC81\EXP16 7SEG\7Segment.uvproj
Project File Date:  10/31/2019

<h2>Output:</h2>
Rebuild target 'Target 1'
assembling Startup.s...
compiling 7Segment.c...
linking...
Program Size: Code=616 RO-data=32 RW-data=76 ZI-data=1164  
FromELF: creating hex file...
".\7Segment.axf" - 0 Error(s), 0 Warning(s).
</pre>
</body>
</html>
\Users\kleit\Desktop\ARM KITS PROGRAM FOR CS DEPT\ARM7_09 WITH NIFC81\EXP16 7SEG\7Segment.axf'. Debugger aborted !
Error: Could not load file 'C:\Users\kleit\Desktop\ARM KITS PROGRAM FOR CS DEPT\ARM7_09 WITH NIFC81\EXP16 7SEG\7Segment.axf'. Debugger aborted !
Error: Could not load file 'C:\Users\kleit\Desktop\ARM KITS PROGRAM FOR CS DEPT\ARM7_09 WITH NIFC81\EXP16 7SEG\7Segment.axf'. Debugger aborted !
