ARM Linker, 5.03 [Build 76] [MDK-ARM Lite]

==============================================================================

Section Cross References

    startup.o(RESET) refers to startup.o(STACK) for Stack_Top
    startup.o(RESET) refers to entry.o(.ARM.Collect$$$$00000000) for __main
    4x4 keypad.o(.text) refers to 4x4 keypad.o(.data) for r
    entry.o(.ARM.Collect$$$$00000000) refers (Special) to entry10a.o(.ARM.Collect$$$$0000000D) for __rt_final_cpp
    entry.o(.ARM.Collect$$$$00000000) refers (Special) to entry11a.o(.ARM.Collect$$$$0000000F) for __rt_final_exit
    entry.o(.ARM.Collect$$$$00000000) refers (Special) to entry7b.o(.ARM.Collect$$$$00000008) for _main_clock
    entry.o(.ARM.Collect$$$$00000000) refers (Special) to entry8b.o(.ARM.Collect$$$$0000000A) for _main_cpp_init
    entry.o(.ARM.Collect$$$$00000000) refers (Special) to entry9a.o(.ARM.Collect$$$$0000000B) for _main_init
    entry.o(.ARM.Collect$$$$00000000) refers (Special) to entry5.o(.ARM.Collect$$$$00000004) for _main_scatterload
    entry.o(.ARM.Collect$$$$00000000) refers (Special) to entry2.o(.ARM.Collect$$$$00000001) for _main_stk
    entry2.o(.ARM.Collect$$$$00000001) refers to entry2.o(.ARM.Collect$$$$00002712) for __lit__00000000
    entry2.o(.ARM.Collect$$$$00002712) refers to startup.o(STACK) for __initial_sp
    entry5.o(.ARM.Collect$$$$00000004) refers to init.o(.text) for __scatterload
    entry9a.o(.ARM.Collect$$$$0000000B) refers to 4x4 keypad.o(.text) for main
    entry9b.o(.ARM.Collect$$$$0000000C) refers to 4x4 keypad.o(.text) for main
    init.o(.text) refers to init.o(i.__ARM_common_call_via_r3) for __ARM_common_call_via_r3
    init.o(.text) refers to entry5.o(.ARM.Collect$$$$00000004) for __main_after_scatterload


==============================================================================

Removing Unused input sections from the image.

    Removing startup.o(HEAP), (0 bytes).

1 unused section(s) (total 0 bytes) removed from the image.

==============================================================================

Adding Veneers to the image

    Adding AT veneer (8 bytes, Inline) for call to '__scatterload' from entry5.o(.ARM.Collect$$$$00000004).
    Adding TA veneer (8 bytes, Short) for call to '__main_after_scatterload' from init.o(.text).

2 Veneer(s) (total 16 bytes) added to the image.

==============================================================================

Image Symbol Table

    Local Symbols

    Symbol Name                              Value     Ov Type        Size  Object(Section)

    RESET                                    0x00000000   Section      188  startup.o(RESET)
    ../clib/microlib/init/entry.s            0x00000000   Number         0  entry10b.o ABSOLUTE
    ../clib/microlib/init/entry.s            0x00000000   Number         0  entry10a.o ABSOLUTE
    ../clib/microlib/init/entry.s            0x00000000   Number         0  entry9b.o ABSOLUTE
    ../clib/microlib/init/entry.s            0x00000000   Number         0  entry9a.o ABSOLUTE
    ../clib/microlib/init/entry.s            0x00000000   Number         0  entry.o ABSOLUTE
    ../clib/microlib/init/entry.s            0x00000000   Number         0  entry2.o ABSOLUTE
    ../clib/microlib/init/entry.s            0x00000000   Number         0  entry7a.o ABSOLUTE
    ../clib/microlib/init/entry.s            0x00000000   Number         0  entry8b.o ABSOLUTE
    ../clib/microlib/init/entry.s            0x00000000   Number         0  entry8a.o ABSOLUTE
    ../clib/microlib/init/entry.s            0x00000000   Number         0  entry5.o ABSOLUTE
    ../clib/microlib/init/entry.s            0x00000000   Number         0  entry7b.o ABSOLUTE
    ../clib/microlib/init/entry.s            0x00000000   Number         0  entry11a.o ABSOLUTE
    ../clib/microlib/init/entry.s            0x00000000   Number         0  entry11b.o ABSOLUTE
    4x4 keypad.c                             0x00000000   Number         0  4x4 keypad.o ABSOLUTE
    Startup.s                                0x00000000   Number         0  startup.o ABSOLUTE
    dc.s                                     0x00000000   Number         0  dc.o ABSOLUTE
    handlers.s                               0x00000000   Number         0  handlers.o ABSOLUTE
    init.s                                   0x00000000   Number         0  init.o ABSOLUTE
    Undef_Handler                            0x00000040   ARM Code       4  startup.o(RESET)
    SWI_Handler                              0x00000044   ARM Code       4  startup.o(RESET)
    PAbt_Handler                             0x00000048   ARM Code       4  startup.o(RESET)
    DAbt_Handler                             0x0000004c   ARM Code       4  startup.o(RESET)
    IRQ_Handler                              0x00000050   ARM Code       4  startup.o(RESET)
    FIQ_Handler                              0x00000054   ARM Code       4  startup.o(RESET)
    .ARM.Collect$$$$00000000                 0x000000bc   Section        0  entry.o(.ARM.Collect$$$$00000000)
    .ARM.Collect$$$$00000001                 0x000000bc   Section        4  entry2.o(.ARM.Collect$$$$00000001)
    .ARM.Collect$$$$00000004                 0x000000c0   Section        4  entry5.o(.ARM.Collect$$$$00000004)
    .ARM.Collect$$$$00000008                 0x000000c4   Section        0  entry7b.o(.ARM.Collect$$$$00000008)
    .ARM.Collect$$$$0000000A                 0x000000c4   Section        0  entry8b.o(.ARM.Collect$$$$0000000A)
    .ARM.Collect$$$$0000000B                 0x000000c4   Section       12  entry9a.o(.ARM.Collect$$$$0000000B)
    .ARM.Collect$$$$0000000D                 0x000000d0   Section        0  entry10a.o(.ARM.Collect$$$$0000000D)
    .ARM.Collect$$$$0000000F                 0x000000d0   Section        0  entry11a.o(.ARM.Collect$$$$0000000F)
    .ARM.Collect$$$$00002712                 0x000000d0   Section        4  entry2.o(.ARM.Collect$$$$00002712)
    __lit__00000000                          0x000000d0   Data           4  entry2.o(.ARM.Collect$$$$00002712)
    .text                                    0x000000d4   Section        0  4x4 keypad.o(.text)
    .text                                    0x00000724   Section       32  init.o(.text)
    i.__ARM_common_call_via_r3               0x0000074c   Section        2  init.o(i.__ARM_common_call_via_r3)
    i.__scatterload_copy                     0x00000750   Section       28  handlers.o(i.__scatterload_copy)
    i.__scatterload_null                     0x0000076c   Section        4  handlers.o(i.__scatterload_null)
    i.__scatterload_zeroinit                 0x00000770   Section       24  handlers.o(i.__scatterload_zeroinit)
    .data                                    0x40000000   Section      152  4x4 keypad.o(.data)
    STACK                                    0x40000098   Section     1160  startup.o(STACK)
    Stack_Top                                0x40000520   Data           0  startup.o(STACK)

    Global Symbols

    Symbol Name                              Value     Ov Type        Size  Object(Section)

    BuildAttributes$$THM_ISAv1$ARM_ISAv4$S$PE$A:L22$X:L11$S22$IEEE1$IW$USESV6$~STKCKD$USESV7$~SHL$OSPACE$EBA8$MICROLIB$REQ8$PRES8$EABIv2 0x00000000   Number         0  anon$$obj.o ABSOLUTE
    __ARM_use_no_argv                        0x00000000   Number         0  4x4 keypad.o ABSOLUTE
    __cpp_initialize__aeabi_                  - Undefined Weak Reference
    __cxa_finalize                            - Undefined Weak Reference
    __decompress                              - Undefined Weak Reference
    _clock_init                               - Undefined Weak Reference
    _microlib_exit                            - Undefined Weak Reference
    Reset_Handler                            0x00000058   ARM Code       0  startup.o(RESET)
    __main                                   0x000000bc   ARM Code       0  entry.o(.ARM.Collect$$$$00000000)
    _main_stk                                0x000000bc   ARM Code       0  entry2.o(.ARM.Collect$$$$00000001)
    _main_scatterload                        0x000000c0   ARM Code       0  entry5.o(.ARM.Collect$$$$00000004)
    __main_after_scatterload                 0x000000c4   ARM Code       0  entry5.o(.ARM.Collect$$$$00000004)
    _main_clock                              0x000000c4   ARM Code       0  entry7b.o(.ARM.Collect$$$$00000008)
    _main_cpp_init                           0x000000c4   ARM Code       0  entry8b.o(.ARM.Collect$$$$0000000A)
    _main_init                               0x000000c4   ARM Code       0  entry9a.o(.ARM.Collect$$$$0000000B)
    __rt_final_cpp                           0x000000d0   ARM Code       0  entry10a.o(.ARM.Collect$$$$0000000D)
    __rt_final_exit                          0x000000d0   ARM Code       0  entry11a.o(.ARM.Collect$$$$0000000F)
    delay                                    0x000000d4   ARM Code      56  4x4 keypad.o(.text)
    wr_dn                                    0x0000010c   ARM Code      72  4x4 keypad.o(.text)
    lcd_data                                 0x00000154   ARM Code      88  4x4 keypad.o(.text)
    wr_cn                                    0x000001ac   ARM Code      72  4x4 keypad.o(.text)
    lcd_com                                  0x000001f4   ARM Code      88  4x4 keypad.o(.text)
    display                                  0x0000024c   ARM Code      48  4x4 keypad.o(.text)
    scan                                     0x0000027c   ARM Code     188  4x4 keypad.o(.text)
    get_key                                  0x00000338   ARM Code     396  4x4 keypad.o(.text)
    clr_disp                                 0x000004c4   ARM Code      36  4x4 keypad.o(.text)
    lcd_init                                 0x000004e8   ARM Code     204  4x4 keypad.o(.text)
    init_port                                0x000005b4   ARM Code      24  4x4 keypad.o(.text)
    main                                     0x000005cc   ARM Code     260  4x4 keypad.o(.text)
    Inline ARM to Thumb Veneer to __scatterload 0x0000071c   ARM Code       8  init.o(.text)
    __scatterload                            0x00000725   Thumb Code    24  init.o(.text)
    __scatterload_rt2                        0x00000725   Thumb Code     0  init.o(.text)
    Short Thumb to ARM Veneer to __main_after_scatterload 0x00000745   Thumb Code     8  anon$$obj.o(Veneer$$Code)
    __ARM_common_call_via_r3                 0x0000074d   Thumb Code     2  init.o(i.__ARM_common_call_via_r3)
    __scatterload_copy                       0x00000750   ARM Code      28  handlers.o(i.__scatterload_copy)
    __scatterload_null                       0x0000076c   ARM Code       4  handlers.o(i.__scatterload_null)
    __scatterload_zeroinit                   0x00000770   ARM Code      24  handlers.o(i.__scatterload_zeroinit)
    Region$$Table$$Base                      0x00000788   Number         0  anon$$obj.o(Region$$Table)
    Region$$Table$$Limit                     0x000007a8   Number         0  anon$$obj.o(Region$$Table)
    scan_code                                0x40000000   Data          64  4x4 keypad.o(.data)
    ASCII_CODE                               0x40000040   Data          16  4x4 keypad.o(.data)
    disp0                                    0x40000050   Data          15  4x4 keypad.o(.data)
    disp1                                    0x4000005f   Data           7  4x4 keypad.o(.data)
    row                                      0x40000066   Data           1  4x4 keypad.o(.data)
    col                                      0x40000067   Data           1  4x4 keypad.o(.data)
    temp                                     0x40000068   Data           1  4x4 keypad.o(.data)
    flag                                     0x40000069   Data           1  4x4 keypad.o(.data)
    i                                        0x4000006a   Data           1  4x4 keypad.o(.data)
    result                                   0x4000006b   Data           1  4x4 keypad.o(.data)
    temp1                                    0x4000006c   Data           1  4x4 keypad.o(.data)
    r                                        0x40000070   Data           4  4x4 keypad.o(.data)
    r1                                       0x40000074   Data           4  4x4 keypad.o(.data)
    var                                      0x40000078   Data           4  4x4 keypad.o(.data)
    var1                                     0x4000007c   Data           4  4x4 keypad.o(.data)
    var2                                     0x40000080   Data           4  4x4 keypad.o(.data)
    res1                                     0x40000084   Data           4  4x4 keypad.o(.data)
    temp2                                    0x40000088   Data           4  4x4 keypad.o(.data)
    temp3                                    0x4000008c   Data           4  4x4 keypad.o(.data)
    temp4                                    0x40000090   Data           4  4x4 keypad.o(.data)
    ptr                                      0x40000094   Data           4  4x4 keypad.o(.data)
    __initial_sp                             0x40000498   Data         136  startup.o(STACK)



==============================================================================

Memory Map of the image

  Image Entry point : 0x000000bc

  Load Region LR_IROM1 (Base: 0x00000000, Size: 0x00000840, Max: 0x00080000, ABSOLUTE)

    Execution Region ER_IROM1 (Base: 0x00000000, Size: 0x000007a8, Max: 0x00080000, ABSOLUTE)

    Base Addr    Size         Type   Attr      Idx    E Section Name        Object

    0x00000000   0x000000bc   Code   RO            3    RESET               startup.o
    0x000000bc   0x00000000   Code   RO           31  * .ARM.Collect$$$$00000000  mc_t.l(entry.o)
    0x000000bc   0x00000004   Code   RO           34    .ARM.Collect$$$$00000001  mc_t.l(entry2.o)
    0x000000c0   0x00000004   Code   RO           36    .ARM.Collect$$$$00000004  mc_t.l(entry5.o)
    0x000000c4   0x00000000   Code   RO           38    .ARM.Collect$$$$00000008  mc_t.l(entry7b.o)
    0x000000c4   0x00000000   Code   RO           40    .ARM.Collect$$$$0000000A  mc_t.l(entry8b.o)
    0x000000c4   0x0000000c   Code   RO           41    .ARM.Collect$$$$0000000B  mc_t.l(entry9a.o)
    0x000000d0   0x00000000   Code   RO           43    .ARM.Collect$$$$0000000D  mc_t.l(entry10a.o)
    0x000000d0   0x00000000   Code   RO           45    .ARM.Collect$$$$0000000F  mc_t.l(entry11a.o)
    0x000000d0   0x00000004   Code   RO           35    .ARM.Collect$$$$00002712  mc_t.l(entry2.o)
    0x000000d4   0x00000648   Code   RO            8    .text               4x4 keypad.o
    0x0000071c   0x00000008   Ven    RO           47    .text               mc_t.l(init.o)
    0x00000724   0x00000020   Code   RO           47    .text               mc_t.l(init.o)
    0x00000744   0x00000008   Ven    RO           60    Veneer$$Code        anon$$obj.o
    0x0000074c   0x00000002   Code   RO           49    i.__ARM_common_call_via_r3  mc_t.l(init.o)
    0x0000074e   0x00000002   PAD
    0x00000750   0x0000001c   Code   RO           53    i.__scatterload_copy  mc_t.l(handlers.o)
    0x0000076c   0x00000004   Code   RO           54    i.__scatterload_null  mc_t.l(handlers.o)
    0x00000770   0x00000018   Code   RO           55    i.__scatterload_zeroinit  mc_t.l(handlers.o)
    0x00000788   0x00000020   Data   RO           51    Region$$Table       anon$$obj.o


    Execution Region RW_IRAM1 (Base: 0x40000000, Size: 0x00000520, Max: 0x00008000, ABSOLUTE)

    Base Addr    Size         Type   Attr      Idx    E Section Name        Object

    0x40000000   0x00000098   Data   RW            9    .data               4x4 keypad.o
    0x40000098   0x00000488   Zero   RW            1    STACK               startup.o


==============================================================================

Image component sizes


      Code (inc. data)   RO Data    RW Data    ZI Data      Debug   Object Name

      1608         76          0        152          0       4965   4x4 keypad.o
       188         44          0          0       1160        276   startup.o

    ----------------------------------------------------------------------
      1804        120         32        152       1160       5241   Object Totals
         8          0         32          0          0          0   (incl. Generated)
         0          0          0          0          0          0   (incl. Padding)

    ----------------------------------------------------------------------

      Code (inc. data)   RO Data    RW Data    ZI Data      Debug   Library Member Name

         0          0          0          0          0          0   entry.o
         0          0          0          0          0          0   entry10a.o
         0          0          0          0          0          0   entry11a.o
         8          4          0          0          0          0   entry2.o
         4          0          0          0          0          0   entry5.o
         0          0          0          0          0          0   entry7b.o
         0          0          0          0          0          0   entry8b.o
        12          4          0          0          0          0   entry9a.o
        56          0          0          0          0          0   handlers.o
        42          8          0          0          0        136   init.o

    ----------------------------------------------------------------------
       124         16          0          0          0        136   Library Totals
         2          0          0          0          0          0   (incl. Padding)

    ----------------------------------------------------------------------

      Code (inc. data)   RO Data    RW Data    ZI Data      Debug   Library Name

       122         16          0          0          0        136   mc_t.l

    ----------------------------------------------------------------------
       124         16          0          0          0        136   Library Totals

    ----------------------------------------------------------------------

==============================================================================


      Code (inc. data)   RO Data    RW Data    ZI Data      Debug   

      1928        136         32        152       1160       5325   Grand Totals
      1928        136         32        152       1160       5325   ELF Image Totals
      1928        136         32        152          0          0   ROM Totals

==============================================================================

    Total RO  Size (Code + RO Data)                 1960 (   1.91kB)
    Total RW  Size (RW Data + ZI Data)              1312 (   1.28kB)
    Total ROM Size (Code + RO Data + RW Data)       2112 (   2.06kB)

==============================================================================

