ARM Linker, 5.03 [Build 76] [MDK-ARM Lite]

==============================================================================

Section Cross References

    startup.o(RESET) refers to startup.o(STACK) for Stack_Top
    startup.o(RESET) refers to entry.o(.ARM.Collect$$$$00000000) for __main
    int_adc.o(.text) refers to ffltui.o(.text) for __aeabi_ui2f
    int_adc.o(.text) refers to fmul.o(.text) for __aeabi_fmul
    int_adc.o(.text) refers to fdiv.o(.text) for __aeabi_fdiv
    int_adc.o(.text) refers to fadd.o(.text) for __aeabi_fadd
    int_adc.o(.text) refers to f2d.o(.text) for __aeabi_f2d
    int_adc.o(.text) refers to printfa.o(i.__0sprintf) for __2sprintf
    int_adc.o(.text) refers to int_adc.o(.data) for temp2
    int_adc.o(.text) refers to int_adc.o(.bss) for adc
    entry.o(.ARM.Collect$$$$00000000) refers (Special) to entry10a.o(.ARM.Collect$$$$0000000D) for __rt_final_cpp
    entry.o(.ARM.Collect$$$$00000000) refers (Special) to entry11a.o(.ARM.Collect$$$$0000000F) for __rt_final_exit
    entry.o(.ARM.Collect$$$$00000000) refers (Special) to entry7b.o(.ARM.Collect$$$$00000008) for _main_clock
    entry.o(.ARM.Collect$$$$00000000) refers (Special) to entry8b.o(.ARM.Collect$$$$0000000A) for _main_cpp_init
    entry.o(.ARM.Collect$$$$00000000) refers (Special) to entry9a.o(.ARM.Collect$$$$0000000B) for _main_init
    entry.o(.ARM.Collect$$$$00000000) refers (Special) to entry5.o(.ARM.Collect$$$$00000004) for _main_scatterload
    entry.o(.ARM.Collect$$$$00000000) refers (Special) to entry2.o(.ARM.Collect$$$$00000001) for _main_stk
    printfb.o(i.__0fprintf$bare) refers to printfb.o(i._printf_core) for _printf_core
    printfb.o(i.__0fprintf$bare) refers to fputc.o(i.fputc) for fputc
    printfb.o(i.__0printf$bare) refers to printfb.o(i._printf_core) for _printf_core
    printfb.o(i.__0printf$bare) refers to fputc.o(i.fputc) for fputc
    printfb.o(i.__0printf$bare) refers to stdout.o(.data) for __stdout
    printfb.o(i.__0snprintf$bare) refers to printfb.o(i._printf_core) for _printf_core
    printfb.o(i.__0snprintf$bare) refers to printfb.o(i._snputc) for _snputc
    printfb.o(i.__0sprintf$bare) refers to printfb.o(i._printf_core) for _printf_core
    printfb.o(i.__0sprintf$bare) refers to printfb.o(i._sputc) for _sputc
    printfb.o(i.__0vfprintf$bare) refers to printfb.o(i._printf_core) for _printf_core
    printfb.o(i.__0vfprintf$bare) refers to fputc.o(i.fputc) for fputc
    printfb.o(i.__0vprintf$bare) refers to printfb.o(i._printf_core) for _printf_core
    printfb.o(i.__0vprintf$bare) refers to fputc.o(i.fputc) for fputc
    printfb.o(i.__0vprintf$bare) refers to stdout.o(.data) for __stdout
    printfb.o(i.__0vsnprintf$bare) refers to printfb.o(i._printf_core) for _printf_core
    printfb.o(i.__0vsnprintf$bare) refers to printfb.o(i._snputc) for _snputc
    printfb.o(i.__0vsprintf$bare) refers to printfb.o(i._printf_core) for _printf_core
    printfb.o(i.__0vsprintf$bare) refers to printfb.o(i._sputc) for _sputc
    printfb.o(i._printf_core) refers to printfb.o(i.__ARM_common_call_via_r6) for __ARM_common_call_via_r6
    printf0.o(i.__0fprintf$0) refers to printf0.o(i._printf_core) for _printf_core
    printf0.o(i.__0fprintf$0) refers to fputc.o(i.fputc) for fputc
    printf0.o(i.__0printf$0) refers to printf0.o(i._printf_core) for _printf_core
    printf0.o(i.__0printf$0) refers to fputc.o(i.fputc) for fputc
    printf0.o(i.__0printf$0) refers to stdout.o(.data) for __stdout
    printf0.o(i.__0snprintf$0) refers to printf0.o(i._printf_core) for _printf_core
    printf0.o(i.__0snprintf$0) refers to printf0.o(i._snputc) for _snputc
    printf0.o(i.__0sprintf$0) refers to printf0.o(i._printf_core) for _printf_core
    printf0.o(i.__0sprintf$0) refers to printf0.o(i._sputc) for _sputc
    printf0.o(i.__0vfprintf$0) refers to printf0.o(i._printf_core) for _printf_core
    printf0.o(i.__0vfprintf$0) refers to fputc.o(i.fputc) for fputc
    printf0.o(i.__0vprintf$0) refers to printf0.o(i._printf_core) for _printf_core
    printf0.o(i.__0vprintf$0) refers to fputc.o(i.fputc) for fputc
    printf0.o(i.__0vprintf$0) refers to stdout.o(.data) for __stdout
    printf0.o(i.__0vsnprintf$0) refers to printf0.o(i._printf_core) for _printf_core
    printf0.o(i.__0vsnprintf$0) refers to printf0.o(i._snputc) for _snputc
    printf0.o(i.__0vsprintf$0) refers to printf0.o(i._printf_core) for _printf_core
    printf0.o(i.__0vsprintf$0) refers to printf0.o(i._sputc) for _sputc
    printf0.o(i._printf_core) refers to printfb.o(i.__ARM_common_call_via_r6) for __ARM_common_call_via_r6
    printf1.o(i.__0fprintf$1) refers to printf1.o(i._printf_core) for _printf_core
    printf1.o(i.__0fprintf$1) refers to fputc.o(i.fputc) for fputc
    printf1.o(i.__0printf$1) refers to printf1.o(i._printf_core) for _printf_core
    printf1.o(i.__0printf$1) refers to fputc.o(i.fputc) for fputc
    printf1.o(i.__0printf$1) refers to stdout.o(.data) for __stdout
    printf1.o(i.__0snprintf$1) refers to printf1.o(i._printf_core) for _printf_core
    printf1.o(i.__0snprintf$1) refers to printf1.o(i._snputc) for _snputc
    printf1.o(i.__0sprintf$1) refers to printf1.o(i._printf_core) for _printf_core
    printf1.o(i.__0sprintf$1) refers to printf1.o(i._sputc) for _sputc
    printf1.o(i.__0vfprintf$1) refers to printf1.o(i._printf_core) for _printf_core
    printf1.o(i.__0vfprintf$1) refers to fputc.o(i.fputc) for fputc
    printf1.o(i.__0vprintf$1) refers to printf1.o(i._printf_core) for _printf_core
    printf1.o(i.__0vprintf$1) refers to fputc.o(i.fputc) for fputc
    printf1.o(i.__0vprintf$1) refers to stdout.o(.data) for __stdout
    printf1.o(i.__0vsnprintf$1) refers to printf1.o(i._printf_core) for _printf_core
    printf1.o(i.__0vsnprintf$1) refers to printf1.o(i._snputc) for _snputc
    printf1.o(i.__0vsprintf$1) refers to printf1.o(i._printf_core) for _printf_core
    printf1.o(i.__0vsprintf$1) refers to printf1.o(i._sputc) for _sputc
    printf1.o(i._printf_core) refers to printf1.o(i.__ARM_common_call_via_r2) for __ARM_common_call_via_r2
    printf1.o(i._printf_core) refers to uidiv.o(.text) for __aeabi_uidivmod
    printf2.o(i.__0fprintf$2) refers to printf2.o(i._printf_core) for _printf_core
    printf2.o(i.__0fprintf$2) refers to fputc.o(i.fputc) for fputc
    printf2.o(i.__0printf$2) refers to printf2.o(i._printf_core) for _printf_core
    printf2.o(i.__0printf$2) refers to fputc.o(i.fputc) for fputc
    printf2.o(i.__0printf$2) refers to stdout.o(.data) for __stdout
    printf2.o(i.__0snprintf$2) refers to printf2.o(i._printf_core) for _printf_core
    printf2.o(i.__0snprintf$2) refers to printf2.o(i._snputc) for _snputc
    printf2.o(i.__0sprintf$2) refers to printf2.o(i._printf_core) for _printf_core
    printf2.o(i.__0sprintf$2) refers to printf2.o(i._sputc) for _sputc
    printf2.o(i.__0vfprintf$2) refers to printf2.o(i._printf_core) for _printf_core
    printf2.o(i.__0vfprintf$2) refers to fputc.o(i.fputc) for fputc
    printf2.o(i.__0vprintf$2) refers to printf2.o(i._printf_core) for _printf_core
    printf2.o(i.__0vprintf$2) refers to fputc.o(i.fputc) for fputc
    printf2.o(i.__0vprintf$2) refers to stdout.o(.data) for __stdout
    printf2.o(i.__0vsnprintf$2) refers to printf2.o(i._printf_core) for _printf_core
    printf2.o(i.__0vsnprintf$2) refers to printf2.o(i._snputc) for _snputc
    printf2.o(i.__0vsprintf$2) refers to printf2.o(i._printf_core) for _printf_core
    printf2.o(i.__0vsprintf$2) refers to printf2.o(i._sputc) for _sputc
    printf2.o(i._printf_core) refers to printf1.o(i.__ARM_common_call_via_r2) for __ARM_common_call_via_r2
    printf3.o(i.__0fprintf$3) refers to printf3.o(i._printf_core) for _printf_core
    printf3.o(i.__0fprintf$3) refers to fputc.o(i.fputc) for fputc
    printf3.o(i.__0printf$3) refers to printf3.o(i._printf_core) for _printf_core
    printf3.o(i.__0printf$3) refers to fputc.o(i.fputc) for fputc
    printf3.o(i.__0printf$3) refers to stdout.o(.data) for __stdout
    printf3.o(i.__0snprintf$3) refers to printf3.o(i._printf_core) for _printf_core
    printf3.o(i.__0snprintf$3) refers to printf3.o(i._snputc) for _snputc
    printf3.o(i.__0sprintf$3) refers to printf3.o(i._printf_core) for _printf_core
    printf3.o(i.__0sprintf$3) refers to printf3.o(i._sputc) for _sputc
    printf3.o(i.__0vfprintf$3) refers to printf3.o(i._printf_core) for _printf_core
    printf3.o(i.__0vfprintf$3) refers to fputc.o(i.fputc) for fputc
    printf3.o(i.__0vprintf$3) refers to printf3.o(i._printf_core) for _printf_core
    printf3.o(i.__0vprintf$3) refers to fputc.o(i.fputc) for fputc
    printf3.o(i.__0vprintf$3) refers to stdout.o(.data) for __stdout
    printf3.o(i.__0vsnprintf$3) refers to printf3.o(i._printf_core) for _printf_core
    printf3.o(i.__0vsnprintf$3) refers to printf3.o(i._snputc) for _snputc
    printf3.o(i.__0vsprintf$3) refers to printf3.o(i._printf_core) for _printf_core
    printf3.o(i.__0vsprintf$3) refers to printf3.o(i._sputc) for _sputc
    printf3.o(i._printf_core) refers to printf1.o(i.__ARM_common_call_via_r2) for __ARM_common_call_via_r2
    printf3.o(i._printf_core) refers to uidiv.o(.text) for __aeabi_uidivmod
    printf4.o(i.__0fprintf$4) refers to printf4.o(i._printf_core) for _printf_core
    printf4.o(i.__0fprintf$4) refers to fputc.o(i.fputc) for fputc
    printf4.o(i.__0printf$4) refers to printf4.o(i._printf_core) for _printf_core
    printf4.o(i.__0printf$4) refers to fputc.o(i.fputc) for fputc
    printf4.o(i.__0printf$4) refers to stdout.o(.data) for __stdout
    printf4.o(i.__0snprintf$4) refers to printf4.o(i._printf_core) for _printf_core
    printf4.o(i.__0snprintf$4) refers to printf4.o(i._snputc) for _snputc
    printf4.o(i.__0sprintf$4) refers to printf4.o(i._printf_core) for _printf_core
    printf4.o(i.__0sprintf$4) refers to printf4.o(i._sputc) for _sputc
    printf4.o(i.__0vfprintf$4) refers to printf4.o(i._printf_core) for _printf_core
    printf4.o(i.__0vfprintf$4) refers to fputc.o(i.fputc) for fputc
    printf4.o(i.__0vprintf$4) refers to printf4.o(i._printf_core) for _printf_core
    printf4.o(i.__0vprintf$4) refers to fputc.o(i.fputc) for fputc
    printf4.o(i.__0vprintf$4) refers to stdout.o(.data) for __stdout
    printf4.o(i.__0vsnprintf$4) refers to printf4.o(i._printf_core) for _printf_core
    printf4.o(i.__0vsnprintf$4) refers to printf4.o(i._snputc) for _snputc
    printf4.o(i.__0vsprintf$4) refers to printf4.o(i._printf_core) for _printf_core
    printf4.o(i.__0vsprintf$4) refers to printf4.o(i._sputc) for _sputc
    printf4.o(i._printf_core) refers to printf1.o(i.__ARM_common_call_via_r2) for __ARM_common_call_via_r2
    printf4.o(i._printf_core) refers to uldiv.o(.text) for __aeabi_uldivmod
    printf5.o(i.__0fprintf$5) refers to printf5.o(i._printf_core) for _printf_core
    printf5.o(i.__0fprintf$5) refers to fputc.o(i.fputc) for fputc
    printf5.o(i.__0printf$5) refers to printf5.o(i._printf_core) for _printf_core
    printf5.o(i.__0printf$5) refers to fputc.o(i.fputc) for fputc
    printf5.o(i.__0printf$5) refers to stdout.o(.data) for __stdout
    printf5.o(i.__0snprintf$5) refers to printf5.o(i._printf_core) for _printf_core
    printf5.o(i.__0snprintf$5) refers to printf5.o(i._snputc) for _snputc
    printf5.o(i.__0sprintf$5) refers to printf5.o(i._printf_core) for _printf_core
    printf5.o(i.__0sprintf$5) refers to printf5.o(i._sputc) for _sputc
    printf5.o(i.__0vfprintf$5) refers to printf5.o(i._printf_core) for _printf_core
    printf5.o(i.__0vfprintf$5) refers to fputc.o(i.fputc) for fputc
    printf5.o(i.__0vprintf$5) refers to printf5.o(i._printf_core) for _printf_core
    printf5.o(i.__0vprintf$5) refers to fputc.o(i.fputc) for fputc
    printf5.o(i.__0vprintf$5) refers to stdout.o(.data) for __stdout
    printf5.o(i.__0vsnprintf$5) refers to printf5.o(i._printf_core) for _printf_core
    printf5.o(i.__0vsnprintf$5) refers to printf5.o(i._snputc) for _snputc
    printf5.o(i.__0vsprintf$5) refers to printf5.o(i._printf_core) for _printf_core
    printf5.o(i.__0vsprintf$5) refers to printf5.o(i._sputc) for _sputc
    printf5.o(i._printf_core) refers to printf1.o(i.__ARM_common_call_via_r2) for __ARM_common_call_via_r2
    printf5.o(i._printf_core) refers to uldiv.o(.text) for __aeabi_uldivmod
    printf6.o(i.__0fprintf$6) refers to printf6.o(i._printf_core) for _printf_core
    printf6.o(i.__0fprintf$6) refers to fputc.o(i.fputc) for fputc
    printf6.o(i.__0printf$6) refers to printf6.o(i._printf_core) for _printf_core
    printf6.o(i.__0printf$6) refers to fputc.o(i.fputc) for fputc
    printf6.o(i.__0printf$6) refers to stdout.o(.data) for __stdout
    printf6.o(i.__0snprintf$6) refers to printf6.o(i._printf_core) for _printf_core
    printf6.o(i.__0snprintf$6) refers to printf6.o(i._snputc) for _snputc
    printf6.o(i.__0sprintf$6) refers to printf6.o(i._printf_core) for _printf_core
    printf6.o(i.__0sprintf$6) refers to printf6.o(i._sputc) for _sputc
    printf6.o(i.__0vfprintf$6) refers to printf6.o(i._printf_core) for _printf_core
    printf6.o(i.__0vfprintf$6) refers to fputc.o(i.fputc) for fputc
    printf6.o(i.__0vprintf$6) refers to printf6.o(i._printf_core) for _printf_core
    printf6.o(i.__0vprintf$6) refers to fputc.o(i.fputc) for fputc
    printf6.o(i.__0vprintf$6) refers to stdout.o(.data) for __stdout
    printf6.o(i.__0vsnprintf$6) refers to printf6.o(i._printf_core) for _printf_core
    printf6.o(i.__0vsnprintf$6) refers to printf6.o(i._snputc) for _snputc
    printf6.o(i.__0vsprintf$6) refers to printf6.o(i._printf_core) for _printf_core
    printf6.o(i.__0vsprintf$6) refers to printf6.o(i._sputc) for _sputc
    printf6.o(i._printf_core) refers to printf1.o(i.__ARM_common_call_via_r2) for __ARM_common_call_via_r2
    printf6.o(i._printf_core) refers to printf6.o(i._printf_pre_padding) for _printf_pre_padding
    printf6.o(i._printf_core) refers to printf6.o(i._printf_post_padding) for _printf_post_padding
    printf6.o(i._printf_core) refers to uidiv.o(.text) for __aeabi_uidivmod
    printf6.o(i._printf_post_padding) refers to printfb.o(i.__ARM_common_call_via_r6) for __ARM_common_call_via_r6
    printf6.o(i._printf_pre_padding) refers to printfb.o(i.__ARM_common_call_via_r6) for __ARM_common_call_via_r6
    printf7.o(i.__0fprintf$7) refers to printf7.o(i._printf_core) for _printf_core
    printf7.o(i.__0fprintf$7) refers to fputc.o(i.fputc) for fputc
    printf7.o(i.__0printf$7) refers to printf7.o(i._printf_core) for _printf_core
    printf7.o(i.__0printf$7) refers to fputc.o(i.fputc) for fputc
    printf7.o(i.__0printf$7) refers to stdout.o(.data) for __stdout
    printf7.o(i.__0snprintf$7) refers to printf7.o(i._printf_core) for _printf_core
    printf7.o(i.__0snprintf$7) refers to printf7.o(i._snputc) for _snputc
    printf7.o(i.__0sprintf$7) refers to printf7.o(i._printf_core) for _printf_core
    printf7.o(i.__0sprintf$7) refers to printf7.o(i._sputc) for _sputc
    printf7.o(i.__0vfprintf$7) refers to printf7.o(i._printf_core) for _printf_core
    printf7.o(i.__0vfprintf$7) refers to fputc.o(i.fputc) for fputc
    printf7.o(i.__0vprintf$7) refers to printf7.o(i._printf_core) for _printf_core
    printf7.o(i.__0vprintf$7) refers to fputc.o(i.fputc) for fputc
    printf7.o(i.__0vprintf$7) refers to stdout.o(.data) for __stdout
    printf7.o(i.__0vsnprintf$7) refers to printf7.o(i._printf_core) for _printf_core
    printf7.o(i.__0vsnprintf$7) refers to printf7.o(i._snputc) for _snputc
    printf7.o(i.__0vsprintf$7) refers to printf7.o(i._printf_core) for _printf_core
    printf7.o(i.__0vsprintf$7) refers to printf7.o(i._sputc) for _sputc
    printf7.o(i._printf_core) refers to printf1.o(i.__ARM_common_call_via_r2) for __ARM_common_call_via_r2
    printf7.o(i._printf_core) refers to printf7.o(i._printf_pre_padding) for _printf_pre_padding
    printf7.o(i._printf_core) refers to printf7.o(i._printf_post_padding) for _printf_post_padding
    printf7.o(i._printf_core) refers to uldiv.o(.text) for __aeabi_uldivmod
    printf7.o(i._printf_post_padding) refers to printfb.o(i.__ARM_common_call_via_r6) for __ARM_common_call_via_r6
    printf7.o(i._printf_pre_padding) refers to printfb.o(i.__ARM_common_call_via_r6) for __ARM_common_call_via_r6
    printf8.o(i.__0fprintf$8) refers to printf8.o(i._printf_core) for _printf_core
    printf8.o(i.__0fprintf$8) refers to fputc.o(i.fputc) for fputc
    printf8.o(i.__0printf$8) refers to printf8.o(i._printf_core) for _printf_core
    printf8.o(i.__0printf$8) refers to fputc.o(i.fputc) for fputc
    printf8.o(i.__0printf$8) refers to stdout.o(.data) for __stdout
    printf8.o(i.__0snprintf$8) refers to printf8.o(i._printf_core) for _printf_core
    printf8.o(i.__0snprintf$8) refers to printf8.o(i._snputc) for _snputc
    printf8.o(i.__0sprintf$8) refers to printf8.o(i._printf_core) for _printf_core
    printf8.o(i.__0sprintf$8) refers to printf8.o(i._sputc) for _sputc
    printf8.o(i.__0vfprintf$8) refers to printf8.o(i._printf_core) for _printf_core
    printf8.o(i.__0vfprintf$8) refers to fputc.o(i.fputc) for fputc
    printf8.o(i.__0vprintf$8) refers to printf8.o(i._printf_core) for _printf_core
    printf8.o(i.__0vprintf$8) refers to fputc.o(i.fputc) for fputc
    printf8.o(i.__0vprintf$8) refers to stdout.o(.data) for __stdout
    printf8.o(i.__0vsnprintf$8) refers to printf8.o(i._printf_core) for _printf_core
    printf8.o(i.__0vsnprintf$8) refers to printf8.o(i._snputc) for _snputc
    printf8.o(i.__0vsprintf$8) refers to printf8.o(i._printf_core) for _printf_core
    printf8.o(i.__0vsprintf$8) refers to printf8.o(i._sputc) for _sputc
    printf8.o(i._printf_core) refers to printf1.o(i.__ARM_common_call_via_r2) for __ARM_common_call_via_r2
    printf8.o(i._printf_core) refers to printf8.o(i._printf_pre_padding) for _printf_pre_padding
    printf8.o(i._printf_core) refers to printf8.o(i._printf_post_padding) for _printf_post_padding
    printf8.o(i._printf_core) refers to uldiv.o(.text) for __aeabi_uldivmod
    printf8.o(i._printf_post_padding) refers to printfb.o(i.__ARM_common_call_via_r6) for __ARM_common_call_via_r6
    printf8.o(i._printf_pre_padding) refers to printfb.o(i.__ARM_common_call_via_r6) for __ARM_common_call_via_r6
    printfa.o(i.__0fprintf) refers (Special) to iusefp.o(.text) for __I$use$fp
    printfa.o(i.__0fprintf) refers to printfa.o(i._printf_core) for _printf_core
    printfa.o(i.__0fprintf) refers to fputc.o(i.fputc) for fputc
    printfa.o(i.__0printf) refers (Special) to iusefp.o(.text) for __I$use$fp
    printfa.o(i.__0printf) refers to printfa.o(i._printf_core) for _printf_core
    printfa.o(i.__0printf) refers to fputc.o(i.fputc) for fputc
    printfa.o(i.__0printf) refers to stdout.o(.data) for __stdout
    printfa.o(i.__0snprintf) refers (Special) to iusefp.o(.text) for __I$use$fp
    printfa.o(i.__0snprintf) refers to printfa.o(i._printf_core) for _printf_core
    printfa.o(i.__0snprintf) refers to printfa.o(i._snputc) for _snputc
    printfa.o(i.__0sprintf) refers (Special) to iusefp.o(.text) for __I$use$fp
    printfa.o(i.__0sprintf) refers to printfa.o(i._printf_core) for _printf_core
    printfa.o(i.__0sprintf) refers to printfa.o(i._sputc) for _sputc
    printfa.o(i.__0vfprintf) refers (Special) to iusefp.o(.text) for __I$use$fp
    printfa.o(i.__0vfprintf) refers to printfa.o(i._printf_core) for _printf_core
    printfa.o(i.__0vfprintf) refers to fputc.o(i.fputc) for fputc
    printfa.o(i.__0vprintf) refers (Special) to iusefp.o(.text) for __I$use$fp
    printfa.o(i.__0vprintf) refers to printfa.o(i._printf_core) for _printf_core
    printfa.o(i.__0vprintf) refers to fputc.o(i.fputc) for fputc
    printfa.o(i.__0vprintf) refers to stdout.o(.data) for __stdout
    printfa.o(i.__0vsnprintf) refers (Special) to iusefp.o(.text) for __I$use$fp
    printfa.o(i.__0vsnprintf) refers to printfa.o(i._printf_core) for _printf_core
    printfa.o(i.__0vsnprintf) refers to printfa.o(i._snputc) for _snputc
    printfa.o(i.__0vsprintf) refers (Special) to iusefp.o(.text) for __I$use$fp
    printfa.o(i.__0vsprintf) refers to printfa.o(i._printf_core) for _printf_core
    printfa.o(i.__0vsprintf) refers to printfa.o(i._sputc) for _sputc
    printfa.o(i._fp_digits) refers (Special) to iusefp.o(.text) for __I$use$fp
    printfa.o(i._fp_digits) refers to dmul.o(.text) for __aeabi_dmul
    printfa.o(i._fp_digits) refers to ddiv.o(.text) for __aeabi_ddiv
    printfa.o(i._fp_digits) refers to cdrcmple.o(.text) for __aeabi_cdrcmple
    printfa.o(i._fp_digits) refers to dadd.o(.text) for __aeabi_dadd
    printfa.o(i._fp_digits) refers to dfixul.o(.text) for __aeabi_d2ulz
    printfa.o(i._fp_digits) refers to uldiv.o(.text) for __aeabi_uldivmod
    printfa.o(i._printf_core) refers (Special) to iusefp.o(.text) for __I$use$fp
    printfa.o(i._printf_core) refers to printf1.o(i.__ARM_common_call_via_r2) for __ARM_common_call_via_r2
    printfa.o(i._printf_core) refers to printfa.o(i._printf_pre_padding) for _printf_pre_padding
    printfa.o(i._printf_core) refers to uldiv.o(.text) for __aeabi_uldivmod
    printfa.o(i._printf_core) refers to printfa.o(i._printf_post_padding) for _printf_post_padding
    printfa.o(i._printf_core) refers to printfa.o(i._fp_digits) for _fp_digits
    printfa.o(i._printf_core) refers to uidiv.o(.text) for __aeabi_uidivmod
    printfa.o(i._printf_post_padding) refers (Special) to iusefp.o(.text) for __I$use$fp
    printfa.o(i._printf_post_padding) refers to printfb.o(i.__ARM_common_call_via_r6) for __ARM_common_call_via_r6
    printfa.o(i._printf_pre_padding) refers (Special) to iusefp.o(.text) for __I$use$fp
    printfa.o(i._printf_pre_padding) refers to printfb.o(i.__ARM_common_call_via_r6) for __ARM_common_call_via_r6
    printfa.o(i._snputc) refers (Special) to iusefp.o(.text) for __I$use$fp
    printfa.o(i._sputc) refers (Special) to iusefp.o(.text) for __I$use$fp
    fadd.o(.text) refers (Special) to iusefp.o(.text) for __I$use$fp
    fadd.o(.text) refers to fepilogue.o(.text) for _float_epilogue
    fmul.o(.text) refers (Special) to iusefp.o(.text) for __I$use$fp
    fdiv.o(.text) refers (Special) to iusefp.o(.text) for __I$use$fp
    fdiv.o(.text) refers to fepilogue.o(.text) for _float_round
    ffltui.o(.text) refers (Special) to iusefp.o(.text) for __I$use$fp
    ffltui.o(.text) refers to fepilogue.o(.text) for _float_epilogue
    f2d.o(.text) refers (Special) to iusefp.o(.text) for __I$use$fp
    entry2.o(.ARM.Collect$$$$00000001) refers to entry2.o(.ARM.Collect$$$$00002712) for __lit__00000000
    entry2.o(.ARM.Collect$$$$00002712) refers to startup.o(STACK) for __initial_sp
    entry5.o(.ARM.Collect$$$$00000004) refers to init.o(.text) for __scatterload
    entry9a.o(.ARM.Collect$$$$0000000B) refers to int_adc.o(.text) for main
    entry9b.o(.ARM.Collect$$$$0000000C) refers to int_adc.o(.text) for main
    fputc.o(i.fputc) refers (Special) to iusesemip.o(.text) for __I$use$semihosting$fputc
    fputc.o(i.fputc) refers (Special) to semi.o(.text) for __semihosting_library_function
    uldiv.o(.text) refers to llushr.o(.text) for __aeabi_llsr
    uldiv.o(.text) refers to llshl.o(.text) for __aeabi_llsl
    dadd.o(.text) refers to llshl.o(.text) for __aeabi_llsl
    dadd.o(.text) refers to llsshr.o(.text) for __aeabi_lasr
    dadd.o(.text) refers to depilogue.o(.text) for _double_epilogue
    dmul.o(.text) refers to depilogue.o(.text) for _double_epilogue
    ddiv.o(.text) refers to depilogue.o(.text) for _double_round
    dfixul.o(.text) refers to llushr.o(.text) for __aeabi_llsr
    dfixul.o(.text) refers to llshl.o(.text) for __aeabi_llsl
    init.o(.text) refers to init.o(i.__ARM_common_call_via_r3) for __ARM_common_call_via_r3
    init.o(.text) refers to entry5.o(.ARM.Collect$$$$00000004) for __main_after_scatterload
    depilogue.o(.text) refers to depilogue.o(i.__ARM_clz) for __ARM_clz
    depilogue.o(.text) refers to llshl.o(.text) for __aeabi_llsl
    depilogue.o(.text) refers to llushr.o(.text) for __aeabi_llsr


==============================================================================

Removing Unused input sections from the image.

    Removing startup.o(HEAP), (0 bytes).

1 unused section(s) (total 0 bytes) removed from the image.

==============================================================================

Adding Veneers to the image

    Adding AT veneer (8 bytes, Inline) for call to '__aeabi_fadd' from int_adc.o(.text).
    Adding AT veneer (8 bytes, Inline) for call to '__aeabi_fmul' from int_adc.o(.text).
    Adding AT veneer (8 bytes, Inline) for call to '__aeabi_fdiv' from int_adc.o(.text).
    Adding AT veneer (8 bytes, Inline) for call to '__aeabi_ui2f' from int_adc.o(.text).
    Adding AT veneer (8 bytes, Inline) for call to '__aeabi_f2d' from int_adc.o(.text).
    Adding AT veneer (8 bytes, Inline) for call to '__scatterload' from entry5.o(.ARM.Collect$$$$00000004).
    Adding TA veneer (8 bytes, Short) for call to '__main_after_scatterload' from init.o(.text).
    Adding AT veneer (8 bytes, Inline) for call to '__2sprintf' from int_adc.o(.text).

8 Veneer(s) (total 64 bytes) added to the image.

==============================================================================

Image Symbol Table

    Local Symbols

    Symbol Name                              Value     Ov Type        Size  Object(Section)

    RESET                                    0x00000000   Section      212  startup.o(RESET)
    ../clib/microlib/division.c              0x00000000   Number         0  uldiv.o ABSOLUTE
    ../clib/microlib/division.c              0x00000000   Number         0  uidiv.o ABSOLUTE
    ../clib/microlib/init/entry.s            0x00000000   Number         0  entry9b.o ABSOLUTE
    ../clib/microlib/init/entry.s            0x00000000   Number         0  entry5.o ABSOLUTE
    ../clib/microlib/init/entry.s            0x00000000   Number         0  entry8a.o ABSOLUTE
    ../clib/microlib/init/entry.s            0x00000000   Number         0  entry2.o ABSOLUTE
    ../clib/microlib/init/entry.s            0x00000000   Number         0  entry11b.o ABSOLUTE
    ../clib/microlib/init/entry.s            0x00000000   Number         0  entry8b.o ABSOLUTE
    ../clib/microlib/init/entry.s            0x00000000   Number         0  entry9a.o ABSOLUTE
    ../clib/microlib/init/entry.s            0x00000000   Number         0  entry7a.o ABSOLUTE
    ../clib/microlib/init/entry.s            0x00000000   Number         0  entry7b.o ABSOLUTE
    ../clib/microlib/init/entry.s            0x00000000   Number         0  entry10a.o ABSOLUTE
    ../clib/microlib/init/entry.s            0x00000000   Number         0  entry.o ABSOLUTE
    ../clib/microlib/init/entry.s            0x00000000   Number         0  entry10b.o ABSOLUTE
    ../clib/microlib/init/entry.s            0x00000000   Number         0  entry11a.o ABSOLUTE
    ../clib/microlib/longlong.c              0x00000000   Number         0  llshl.o ABSOLUTE
    ../clib/microlib/longlong.c              0x00000000   Number         0  llushr.o ABSOLUTE
    ../clib/microlib/longlong.c              0x00000000   Number         0  llsshr.o ABSOLUTE
    ../clib/microlib/printf/printf.c         0x00000000   Number         0  printfb.o ABSOLUTE
    ../clib/microlib/printf/printf.c         0x00000000   Number         0  printf0.o ABSOLUTE
    ../clib/microlib/printf/printf.c         0x00000000   Number         0  printf1.o ABSOLUTE
    ../clib/microlib/printf/printf.c         0x00000000   Number         0  printf2.o ABSOLUTE
    ../clib/microlib/printf/printf.c         0x00000000   Number         0  printf3.o ABSOLUTE
    ../clib/microlib/printf/printf.c         0x00000000   Number         0  printf5.o ABSOLUTE
    ../clib/microlib/printf/printf.c         0x00000000   Number         0  printf7.o ABSOLUTE
    ../clib/microlib/printf/printf.c         0x00000000   Number         0  printf8.o ABSOLUTE
    ../clib/microlib/printf/printf.c         0x00000000   Number         0  printfa.o ABSOLUTE
    ../clib/microlib/printf/printf.c         0x00000000   Number         0  printf6.o ABSOLUTE
    ../clib/microlib/printf/printf.c         0x00000000   Number         0  printf4.o ABSOLUTE
    ../clib/microlib/printf/stubs.s          0x00000000   Number         0  stubs.o ABSOLUTE
    ../clib/microlib/stdio/fputc.c           0x00000000   Number         0  fputc.o ABSOLUTE
    ../clib/microlib/stdio/semi.s            0x00000000   Number         0  semi.o ABSOLUTE
    ../clib/microlib/stdio/streams.c         0x00000000   Number         0  stdout.o ABSOLUTE
    ../clib/microlib/stubs.s                 0x00000000   Number         0  iusefp.o ABSOLUTE
    ../clib/microlib/stubs.s                 0x00000000   Number         0  iusesemip.o ABSOLUTE
    ../fplib/microlib/f2d.c                  0x00000000   Number         0  f2d.o ABSOLUTE
    ../fplib/microlib/fpadd.c                0x00000000   Number         0  dadd.o ABSOLUTE
    ../fplib/microlib/fpadd.c                0x00000000   Number         0  fadd.o ABSOLUTE
    ../fplib/microlib/fpdiv.c                0x00000000   Number         0  ddiv.o ABSOLUTE
    ../fplib/microlib/fpdiv.c                0x00000000   Number         0  fdiv.o ABSOLUTE
    ../fplib/microlib/fpepilogue.c           0x00000000   Number         0  depilogue.o ABSOLUTE
    ../fplib/microlib/fpepilogue.c           0x00000000   Number         0  fepilogue.o ABSOLUTE
    ../fplib/microlib/fpfix.c                0x00000000   Number         0  dfixul.o ABSOLUTE
    ../fplib/microlib/fpflt.c                0x00000000   Number         0  ffltui.o ABSOLUTE
    ../fplib/microlib/fpmul.c                0x00000000   Number         0  dmul.o ABSOLUTE
    ../fplib/microlib/fpmul.c                0x00000000   Number         0  fmul.o ABSOLUTE
    INT_ADC.C                                0x00000000   Number         0  int_adc.o ABSOLUTE
    Startup.s                                0x00000000   Number         0  startup.o ABSOLUTE
    cdrcmple.s                               0x00000000   Number         0  cdrcmple.o ABSOLUTE
    dc.s                                     0x00000000   Number         0  dc.o ABSOLUTE
    handlers.s                               0x00000000   Number         0  handlers.o ABSOLUTE
    init.s                                   0x00000000   Number         0  init.o ABSOLUTE
    Undef_Handler                            0x00000040   ARM Code       4  startup.o(RESET)
    SWI_Handler                              0x00000044   ARM Code       4  startup.o(RESET)
    PAbt_Handler                             0x00000048   ARM Code       4  startup.o(RESET)
    DAbt_Handler                             0x0000004c   ARM Code       4  startup.o(RESET)
    IRQ_Handler                              0x00000050   ARM Code       4  startup.o(RESET)
    FIQ_Handler                              0x00000054   ARM Code       4  startup.o(RESET)
    .ARM.Collect$$$$00000000                 0x000000d4   Section        0  entry.o(.ARM.Collect$$$$00000000)
    .ARM.Collect$$$$00000001                 0x000000d4   Section        4  entry2.o(.ARM.Collect$$$$00000001)
    .ARM.Collect$$$$00000004                 0x000000d8   Section        4  entry5.o(.ARM.Collect$$$$00000004)
    .ARM.Collect$$$$00000008                 0x000000dc   Section        0  entry7b.o(.ARM.Collect$$$$00000008)
    .ARM.Collect$$$$0000000A                 0x000000dc   Section        0  entry8b.o(.ARM.Collect$$$$0000000A)
    .ARM.Collect$$$$0000000B                 0x000000dc   Section       12  entry9a.o(.ARM.Collect$$$$0000000B)
    .ARM.Collect$$$$0000000D                 0x000000e8   Section        0  entry10a.o(.ARM.Collect$$$$0000000D)
    .ARM.Collect$$$$0000000F                 0x000000e8   Section        0  entry11a.o(.ARM.Collect$$$$0000000F)
    .ARM.Collect$$$$00002712                 0x000000e8   Section        4  entry2.o(.ARM.Collect$$$$00002712)
    __lit__00000000                          0x000000e8   Data           4  entry2.o(.ARM.Collect$$$$00002712)
    .text                                    0x000000ec   Section        0  int_adc.o(.text)
    .text                                    0x00000840   Section        0  fadd.o(.text)
    .text                                    0x00000904   Section        0  fmul.o(.text)
    .text                                    0x0000098c   Section        0  fdiv.o(.text)
    .text                                    0x00000a14   Section        0  ffltui.o(.text)
    .text                                    0x00000a30   Section        0  f2d.o(.text)
    .text                                    0x00000a58   Section        0  uidiv.o(.text)
    .text                                    0x00000a86   Section        0  uldiv.o(.text)
    .text                                    0x00000af0   Section        0  fepilogue.o(.text)
    .text                                    0x00000af0   Section        0  iusefp.o(.text)
    .text                                    0x00000b74   Section        0  dadd.o(.text)
    .text                                    0x00000cdc   Section        0  dmul.o(.text)
    .text                                    0x00000db0   Section        0  ddiv.o(.text)
    .text                                    0x00000ea4   Section        0  dfixul.o(.text)
    .text                                    0x00000ee8   Section       40  cdrcmple.o(.text)
    .text                                    0x00000f18   Section       32  init.o(.text)
    .text                                    0x00000f38   Section        0  llshl.o(.text)
    .text                                    0x00000f5a   Section        0  llushr.o(.text)
    .text                                    0x00000f7e   Section        0  llsshr.o(.text)
    .text                                    0x00000fa6   Section        0  depilogue.o(.text)
    i.__0sprintf                             0x0000107c   Section        0  printfa.o(i.__0sprintf)
    i.__ARM_clz                              0x000010a4   Section        0  depilogue.o(i.__ARM_clz)
    i.__ARM_common_call_via_r2               0x000010d2   Section        0  printf1.o(i.__ARM_common_call_via_r2)
    i.__ARM_common_call_via_r3               0x000010d4   Section        2  init.o(i.__ARM_common_call_via_r3)
    i.__ARM_common_call_via_r6               0x000010d6   Section        0  printfb.o(i.__ARM_common_call_via_r6)
    i.__scatterload_copy                     0x000010d8   Section       28  handlers.o(i.__scatterload_copy)
    i.__scatterload_null                     0x000010f4   Section        4  handlers.o(i.__scatterload_null)
    i.__scatterload_zeroinit                 0x000010f8   Section       24  handlers.o(i.__scatterload_zeroinit)
    i._fp_digits                             0x00001110   Section        0  printfa.o(i._fp_digits)
    _fp_digits                               0x00001111   Thumb Code   318  printfa.o(i._fp_digits)
    i._printf_core                           0x0000126c   Section        0  printfa.o(i._printf_core)
    _printf_core                             0x0000126d   Thumb Code  1800  printfa.o(i._printf_core)
    i._printf_post_padding                   0x00001984   Section        0  printfa.o(i._printf_post_padding)
    _printf_post_padding                     0x00001985   Thumb Code    38  printfa.o(i._printf_post_padding)
    i._printf_pre_padding                    0x000019aa   Section        0  printfa.o(i._printf_pre_padding)
    _printf_pre_padding                      0x000019ab   Thumb Code    50  printfa.o(i._printf_pre_padding)
    i._sputc                                 0x000019dc   Section        0  printfa.o(i._sputc)
    _sputc                                   0x000019dd   Thumb Code    10  printfa.o(i._sputc)
    .data                                    0x40000000   Section       64  int_adc.o(.data)
    .bss                                     0x40000040   Section       94  int_adc.o(.bss)
    STACK                                    0x400000a0   Section     1160  startup.o(STACK)
    Stack_Top                                0x40000528   Data           0  startup.o(STACK)

    Global Symbols

    Symbol Name                              Value     Ov Type        Size  Object(Section)

    BuildAttributes$$THM_ISAv1$ARM_ISAv4$S$PE$A:L22$X:L11$S22$IEEE1$IW$USESV6$~STKCKD$USESV7$~SHL$OTIME$ROPI$EBA8$MICROLIB$REQ8$PRES8$EABIv2 0x00000000   Number         0  anon$$obj.o ABSOLUTE
    __ARM_use_no_argv                        0x00000000   Number         0  int_adc.o ABSOLUTE
    _printf_a                                0x00000000   Number         0  stubs.o ABSOLUTE
    _printf_c                                0x00000000   Number         0  stubs.o ABSOLUTE
    _printf_charcount                        0x00000000   Number         0  stubs.o ABSOLUTE
    _printf_d                                0x00000000   Number         0  stubs.o ABSOLUTE
    _printf_e                                0x00000000   Number         0  stubs.o ABSOLUTE
    _printf_f                                0x00000000   Number         0  stubs.o ABSOLUTE
    _printf_flags                            0x00000000   Number         0  stubs.o ABSOLUTE
    _printf_fp_dec                           0x00000000   Number         0  stubs.o ABSOLUTE
    _printf_fp_hex                           0x00000000   Number         0  stubs.o ABSOLUTE
    _printf_g                                0x00000000   Number         0  stubs.o ABSOLUTE
    _printf_i                                0x00000000   Number         0  stubs.o ABSOLUTE
    _printf_int_dec                          0x00000000   Number         0  stubs.o ABSOLUTE
    _printf_l                                0x00000000   Number         0  stubs.o ABSOLUTE
    _printf_lc                               0x00000000   Number         0  stubs.o ABSOLUTE
    _printf_ll                               0x00000000   Number         0  stubs.o ABSOLUTE
    _printf_lld                              0x00000000   Number         0  stubs.o ABSOLUTE
    _printf_lli                              0x00000000   Number         0  stubs.o ABSOLUTE
    _printf_llo                              0x00000000   Number         0  stubs.o ABSOLUTE
    _printf_llu                              0x00000000   Number         0  stubs.o ABSOLUTE
    _printf_llx                              0x00000000   Number         0  stubs.o ABSOLUTE
    _printf_longlong_dec                     0x00000000   Number         0  stubs.o ABSOLUTE
    _printf_longlong_hex                     0x00000000   Number         0  stubs.o ABSOLUTE
    _printf_longlong_oct                     0x00000000   Number         0  stubs.o ABSOLUTE
    _printf_ls                               0x00000000   Number         0  stubs.o ABSOLUTE
    _printf_mbtowc                           0x00000000   Number         0  stubs.o ABSOLUTE
    _printf_n                                0x00000000   Number         0  stubs.o ABSOLUTE
    _printf_o                                0x00000000   Number         0  stubs.o ABSOLUTE
    _printf_p                                0x00000000   Number         0  stubs.o ABSOLUTE
    _printf_percent                          0x00000000   Number         0  stubs.o ABSOLUTE
    _printf_pre_padding                      0x00000000   Number         0  stubs.o ABSOLUTE
    _printf_return_value                     0x00000000   Number         0  stubs.o ABSOLUTE
    _printf_s                                0x00000000   Number         0  stubs.o ABSOLUTE
    _printf_sizespec                         0x00000000   Number         0  stubs.o ABSOLUTE
    _printf_str                              0x00000000   Number         0  stubs.o ABSOLUTE
    _printf_truncate_signed                  0x00000000   Number         0  stubs.o ABSOLUTE
    _printf_truncate_unsigned                0x00000000   Number         0  stubs.o ABSOLUTE
    _printf_u                                0x00000000   Number         0  stubs.o ABSOLUTE
    _printf_wc                               0x00000000   Number         0  stubs.o ABSOLUTE
    _printf_wctomb                           0x00000000   Number         0  stubs.o ABSOLUTE
    _printf_widthprec                        0x00000000   Number         0  stubs.o ABSOLUTE
    _printf_x                                0x00000000   Number         0  stubs.o ABSOLUTE
    __cpp_initialize__aeabi_                  - Undefined Weak Reference
    __cxa_finalize                            - Undefined Weak Reference
    __decompress                              - Undefined Weak Reference
    _clock_init                               - Undefined Weak Reference
    _microlib_exit                            - Undefined Weak Reference
    Reset_Handler                            0x00000058   ARM Code       0  startup.o(RESET)
    __main                                   0x000000d4   ARM Code       0  entry.o(.ARM.Collect$$$$00000000)
    _main_stk                                0x000000d4   ARM Code       0  entry2.o(.ARM.Collect$$$$00000001)
    _main_scatterload                        0x000000d8   ARM Code       0  entry5.o(.ARM.Collect$$$$00000004)
    __main_after_scatterload                 0x000000dc   ARM Code       0  entry5.o(.ARM.Collect$$$$00000004)
    _main_clock                              0x000000dc   ARM Code       0  entry7b.o(.ARM.Collect$$$$00000008)
    _main_cpp_init                           0x000000dc   ARM Code       0  entry8b.o(.ARM.Collect$$$$0000000A)
    _main_init                               0x000000dc   ARM Code       0  entry9a.o(.ARM.Collect$$$$0000000B)
    __rt_final_cpp                           0x000000e8   ARM Code       0  entry10a.o(.ARM.Collect$$$$0000000D)
    __rt_final_exit                          0x000000e8   ARM Code       0  entry11a.o(.ARM.Collect$$$$0000000F)
    delay                                    0x000000ec   ARM Code      24  int_adc.o(.text)
    wr_dn                                    0x00000104   ARM Code      72  int_adc.o(.text)
    lcd_data                                 0x0000014c   ARM Code      84  int_adc.o(.text)
    wr_cn                                    0x000001a0   ARM Code      72  int_adc.o(.text)
    lcd_com                                  0x000001e8   ARM Code      84  int_adc.o(.text)
    clr_disp                                 0x0000023c   ARM Code      36  int_adc.o(.text)
    lcd_init                                 0x00000260   ARM Code     204  int_adc.o(.text)
    main                                     0x0000032c   ARM Code    1192  int_adc.o(.text)
    Inline ARM to Thumb Veneer to __aeabi_fadd 0x00000838   ARM Code       8  fadd.o(.text)
    __aeabi_fadd                             0x00000841   Thumb Code   170  fadd.o(.text)
    __aeabi_fsub                             0x000008eb   Thumb Code     8  fadd.o(.text)
    __aeabi_frsub                            0x000008f3   Thumb Code     8  fadd.o(.text)
    Inline ARM to Thumb Veneer to __aeabi_fmul 0x000008fc   ARM Code       8  fmul.o(.text)
    __aeabi_fmul                             0x00000905   Thumb Code   126  fmul.o(.text)
    Inline ARM to Thumb Veneer to __aeabi_fdiv 0x00000984   ARM Code       8  fdiv.o(.text)
    __aeabi_fdiv                             0x0000098d   Thumb Code   128  fdiv.o(.text)
    Inline ARM to Thumb Veneer to __aeabi_ui2f 0x00000a0c   ARM Code       8  ffltui.o(.text)
    __aeabi_ui2f                             0x00000a15   Thumb Code    18  ffltui.o(.text)
    Inline ARM to Thumb Veneer to __aeabi_f2d 0x00000a28   ARM Code       8  f2d.o(.text)
    __aeabi_f2d                              0x00000a31   Thumb Code    40  f2d.o(.text)
    __aeabi_uidiv                            0x00000a59   Thumb Code     0  uidiv.o(.text)
    __aeabi_uidivmod                         0x00000a59   Thumb Code    46  uidiv.o(.text)
    __aeabi_uldivmod                         0x00000a87   Thumb Code   104  uldiv.o(.text)
    __I$use$fp                               0x00000af0   ARM Code       0  iusefp.o(.text)
    _float_round                             0x00000af1   Thumb Code    16  fepilogue.o(.text)
    _float_epilogue                          0x00000b01   Thumb Code   116  fepilogue.o(.text)
    __aeabi_dadd                             0x00000b75   Thumb Code   330  dadd.o(.text)
    __aeabi_dsub                             0x00000cbf   Thumb Code    12  dadd.o(.text)
    __aeabi_drsub                            0x00000ccb   Thumb Code    12  dadd.o(.text)
    __aeabi_dmul                             0x00000cdd   Thumb Code   206  dmul.o(.text)
    __aeabi_ddiv                             0x00000db1   Thumb Code   238  ddiv.o(.text)
    __aeabi_d2ulz                            0x00000ea5   Thumb Code    58  dfixul.o(.text)
    __aeabi_cdrcmple                         0x00000ee9   Thumb Code    40  cdrcmple.o(.text)
    Inline ARM to Thumb Veneer to __scatterload 0x00000f10   ARM Code       8  init.o(.text)
    __scatterload                            0x00000f19   Thumb Code    24  init.o(.text)
    __scatterload_rt2                        0x00000f19   Thumb Code     0  init.o(.text)
    __aeabi_llsl                             0x00000f39   Thumb Code    34  llshl.o(.text)
    _ll_shift_l                              0x00000f39   Thumb Code     0  llshl.o(.text)
    __aeabi_llsr                             0x00000f5b   Thumb Code    36  llushr.o(.text)
    _ll_ushift_r                             0x00000f5b   Thumb Code     0  llushr.o(.text)
    __aeabi_lasr                             0x00000f7f   Thumb Code    40  llsshr.o(.text)
    _ll_sshift_r                             0x00000f7f   Thumb Code     0  llsshr.o(.text)
    _double_round                            0x00000fa7   Thumb Code    28  depilogue.o(.text)
    _double_epilogue                         0x00000fc3   Thumb Code   170  depilogue.o(.text)
    Short Thumb to ARM Veneer to __main_after_scatterload 0x0000106d   Thumb Code     8  anon$$obj.o(Veneer$$Code)
    Inline ARM to Thumb Veneer to __2sprintf 0x00001074   ARM Code       8  printfa.o(i.__0sprintf)
    __0sprintf                               0x0000107d   Thumb Code    36  printfa.o(i.__0sprintf)
    __1sprintf                               0x0000107d   Thumb Code     0  printfa.o(i.__0sprintf)
    __2sprintf                               0x0000107d   Thumb Code     0  printfa.o(i.__0sprintf)
    __c89sprintf                             0x0000107d   Thumb Code     0  printfa.o(i.__0sprintf)
    sprintf                                  0x0000107d   Thumb Code     0  printfa.o(i.__0sprintf)
    __ARM_clz                                0x000010a5   Thumb Code    46  depilogue.o(i.__ARM_clz)
    __ARM_common_call_via_r2                 0x000010d3   Thumb Code     2  printf1.o(i.__ARM_common_call_via_r2)
    __ARM_common_call_via_r3                 0x000010d5   Thumb Code     2  init.o(i.__ARM_common_call_via_r3)
    __ARM_common_call_via_r6                 0x000010d7   Thumb Code     2  printfb.o(i.__ARM_common_call_via_r6)
    __scatterload_copy                       0x000010d8   ARM Code      28  handlers.o(i.__scatterload_copy)
    __scatterload_null                       0x000010f4   ARM Code       4  handlers.o(i.__scatterload_null)
    __scatterload_zeroinit                   0x000010f8   ARM Code      24  handlers.o(i.__scatterload_zeroinit)
    Region$$Table$$Base                      0x000019e8   Number         0  anon$$obj.o(Region$$Table)
    Region$$Table$$Limit                     0x00001a08   Number         0  anon$$obj.o(Region$$Table)
    data_lcd                                 0x40000000   Data           4  int_adc.o(.data)
    i                                        0x40000004   Data           4  int_adc.o(.data)
    n                                        0x40000008   Data           4  int_adc.o(.data)
    adc_value                                0x4000000c   Data           4  int_adc.o(.data)
    temp_adc                                 0x40000010   Data           4  int_adc.o(.data)
    fst_flag                                 0x40000014   Data           1  int_adc.o(.data)
    arr                                      0x40000015   Data          10  int_adc.o(.data)
    dis                                      0x4000001f   Data          10  int_adc.o(.data)
    temp1                                    0x4000002c   Data           4  int_adc.o(.data)
    temp2                                    0x40000030   Data           4  int_adc.o(.data)
    temp                                     0x40000034   Data           4  int_adc.o(.data)
    ptr                                      0x40000038   Data           4  int_adc.o(.data)
    ptr1                                     0x4000003c   Data           4  int_adc.o(.data)
    adc                                      0x40000040   Data          32  int_adc.o(.bss)
    adc1                                     0x40000060   Data          32  int_adc.o(.bss)
    var                                      0x40000080   Data          15  int_adc.o(.bss)
    var1                                     0x4000008f   Data          15  int_adc.o(.bss)
    __initial_sp                             0x400004a0   Data         136  startup.o(STACK)



==============================================================================

Memory Map of the image

  Image Entry point : 0x000000d4

  Load Region LR_IROM1 (Base: 0x00000000, Size: 0x00001a48, Max: 0x00080000, ABSOLUTE)

    Execution Region ER_IROM1 (Base: 0x00000000, Size: 0x00001a08, Max: 0x00080000, ABSOLUTE)

    Base Addr    Size         Type   Attr      Idx    E Section Name        Object

    0x00000000   0x000000d4   Code   RO            3    RESET               startup.o
    0x000000d4   0x00000000   Code   RO           32  * .ARM.Collect$$$$00000000  mc_t.l(entry.o)
    0x000000d4   0x00000004   Code   RO          310    .ARM.Collect$$$$00000001  mc_t.l(entry2.o)
    0x000000d8   0x00000004   Code   RO          312    .ARM.Collect$$$$00000004  mc_t.l(entry5.o)
    0x000000dc   0x00000000   Code   RO          314    .ARM.Collect$$$$00000008  mc_t.l(entry7b.o)
    0x000000dc   0x00000000   Code   RO          316    .ARM.Collect$$$$0000000A  mc_t.l(entry8b.o)
    0x000000dc   0x0000000c   Code   RO          317    .ARM.Collect$$$$0000000B  mc_t.l(entry9a.o)
    0x000000e8   0x00000000   Code   RO          319    .ARM.Collect$$$$0000000D  mc_t.l(entry10a.o)
    0x000000e8   0x00000000   Code   RO          321    .ARM.Collect$$$$0000000F  mc_t.l(entry11a.o)
    0x000000e8   0x00000004   Code   RO          311    .ARM.Collect$$$$00002712  mc_t.l(entry2.o)
    0x000000ec   0x0000074c   Code   RO            8    .text               int_adc.o
    0x00000838   0x00000008   Ven    RO          300    .text               mf_t.l(fadd.o)
    0x00000840   0x000000ba   Code   RO          300    .text               mf_t.l(fadd.o)
    0x000008fa   0x00000002   PAD
    0x000008fc   0x00000008   Ven    RO          302    .text               mf_t.l(fmul.o)
    0x00000904   0x0000007e   Code   RO          302    .text               mf_t.l(fmul.o)
    0x00000982   0x00000002   PAD
    0x00000984   0x00000008   Ven    RO          304    .text               mf_t.l(fdiv.o)
    0x0000098c   0x00000080   Code   RO          304    .text               mf_t.l(fdiv.o)
    0x00000a0c   0x00000008   Ven    RO          306    .text               mf_t.l(ffltui.o)
    0x00000a14   0x00000012   Code   RO          306    .text               mf_t.l(ffltui.o)
    0x00000a26   0x00000002   PAD
    0x00000a28   0x00000008   Ven    RO          308    .text               mf_t.l(f2d.o)
    0x00000a30   0x00000028   Code   RO          308    .text               mf_t.l(f2d.o)
    0x00000a58   0x0000002e   Code   RO          326    .text               mc_t.l(uidiv.o)
    0x00000a86   0x00000068   Code   RO          328    .text               mc_t.l(uldiv.o)
    0x00000aee   0x00000002   PAD
    0x00000af0   0x00000000   Code   RO          330    .text               mc_t.l(iusefp.o)
    0x00000af0   0x00000084   Code   RO          331    .text               mf_t.l(fepilogue.o)
    0x00000b74   0x00000168   Code   RO          333    .text               mf_t.l(dadd.o)
    0x00000cdc   0x000000d4   Code   RO          335    .text               mf_t.l(dmul.o)
    0x00000db0   0x000000f4   Code   RO          337    .text               mf_t.l(ddiv.o)
    0x00000ea4   0x00000044   Code   RO          339    .text               mf_t.l(dfixul.o)
    0x00000ee8   0x00000028   Code   RO          341    .text               mf_t.l(cdrcmple.o)
    0x00000f10   0x00000008   Ven    RO          343    .text               mc_t.l(init.o)
    0x00000f18   0x00000020   Code   RO          343    .text               mc_t.l(init.o)
    0x00000f38   0x00000022   Code   RO          348    .text               mc_t.l(llshl.o)
    0x00000f5a   0x00000024   Code   RO          350    .text               mc_t.l(llushr.o)
    0x00000f7e   0x00000028   Code   RO          352    .text               mc_t.l(llsshr.o)
    0x00000fa6   0x000000c6   Code   RO          355    .text               mf_t.l(depilogue.o)
    0x0000106c   0x00000008   Ven    RO          374    Veneer$$Code        anon$$obj.o
    0x00001074   0x00000008   Ven    RO          274    i.__0sprintf        mc_t.l(printfa.o)
    0x0000107c   0x00000028   Code   RO          274    i.__0sprintf        mc_t.l(printfa.o)
    0x000010a4   0x0000002e   Code   RO          357    i.__ARM_clz         mf_t.l(depilogue.o)
    0x000010d2   0x00000002   Code   RO          103    i.__ARM_common_call_via_r2  mc_t.l(printf1.o)
    0x000010d4   0x00000002   Code   RO          345    i.__ARM_common_call_via_r3  mc_t.l(init.o)
    0x000010d6   0x00000002   Code   RO           57    i.__ARM_common_call_via_r6  mc_t.l(printfb.o)
    0x000010d8   0x0000001c   Code   RO          361    i.__scatterload_copy  mc_t.l(handlers.o)
    0x000010f4   0x00000004   Code   RO          362    i.__scatterload_null  mc_t.l(handlers.o)
    0x000010f8   0x00000018   Code   RO          363    i.__scatterload_zeroinit  mc_t.l(handlers.o)
    0x00001110   0x0000015c   Code   RO          279    i._fp_digits        mc_t.l(printfa.o)
    0x0000126c   0x00000718   Code   RO          280    i._printf_core      mc_t.l(printfa.o)
    0x00001984   0x00000026   Code   RO          281    i._printf_post_padding  mc_t.l(printfa.o)
    0x000019aa   0x00000032   Code   RO          282    i._printf_pre_padding  mc_t.l(printfa.o)
    0x000019dc   0x0000000a   Code   RO          284    i._sputc            mc_t.l(printfa.o)
    0x000019e6   0x00000002   PAD
    0x000019e8   0x00000020   Data   RO          359    Region$$Table       anon$$obj.o


    Execution Region RW_IRAM1 (Base: 0x40000000, Size: 0x00000528, Max: 0x00008000, ABSOLUTE)

    Base Addr    Size         Type   Attr      Idx    E Section Name        Object

    0x40000000   0x00000040   Data   RW           10    .data               int_adc.o
    0x40000040   0x0000005e   Zero   RW            9    .bss                int_adc.o
    0x4000009e   0x00000002   PAD
    0x400000a0   0x00000488   Zero   RW            1    STACK               startup.o


==============================================================================

Image component sizes


      Code (inc. data)   RO Data    RW Data    ZI Data      Debug   Object Name

      1868        100          0         64         94       4343   int_adc.o
       212         48          0          0       1160        284   startup.o

    ----------------------------------------------------------------------
      2088        148         32         64       1256       4627   Object Totals
         8          0         32          0          0          0   (incl. Generated)
         0          0          0          0          2          0   (incl. Padding)

    ----------------------------------------------------------------------

      Code (inc. data)   RO Data    RW Data    ZI Data      Debug   Library Member Name

         0          0          0          0          0          0   entry.o
         0          0          0          0          0          0   entry10a.o
         0          0          0          0          0          0   entry11a.o
         8          4          0          0          0          0   entry2.o
         4          0          0          0          0          0   entry5.o
         0          0          0          0          0          0   entry7b.o
         0          0          0          0          0          0   entry8b.o
        12          4          0          0          0          0   entry9a.o
        56          0          0          0          0          0   handlers.o
        42          8          0          0          0        136   init.o
         0          0          0          0          0          0   iusefp.o
        34          0          0          0          0         72   llshl.o
        40          0          0          0          0         72   llsshr.o
        36          0          0          0          0         72   llushr.o
         2          0          0          0          0         60   printf1.o
      2310         96          0          0          0        524   printfa.o
         2          0          0          0          0         60   printfb.o
        46          0          0          0          0         72   uidiv.o
       104          0          0          0          0         96   uldiv.o
        40          0          0          0          0         68   cdrcmple.o
       360          6          0          0          0        152   dadd.o
       244          6          0          0          0         96   ddiv.o
       244          0          0          0          0        232   depilogue.o
        68         10          0          0          0         80   dfixul.o
       212          6          0          0          0        100   dmul.o
        48          0          0          0          0         60   f2d.o
       194          0          0          0          0        124   fadd.o
       136          0          0          0          0         88   fdiv.o
       132          0          0          0          0        144   fepilogue.o
        26          0          0          0          0         80   ffltui.o
       134          0          0          0          0         80   fmul.o

    ----------------------------------------------------------------------
      4544        140          0          0          0       2468   Library Totals
        10          0          0          0          0          0   (incl. Padding)

    ----------------------------------------------------------------------

      Code (inc. data)   RO Data    RW Data    ZI Data      Debug   Library Name

      2696        112          0          0          0       1164   mc_t.l
      1838         28          0          0          0       1304   mf_t.l

    ----------------------------------------------------------------------
      4544        140          0          0          0       2468   Library Totals

    ----------------------------------------------------------------------

==============================================================================


      Code (inc. data)   RO Data    RW Data    ZI Data      Debug   

      6632        288         32         64       1256       5935   Grand Totals
      6632        288         32         64       1256       5935   ELF Image Totals
      6632        288         32         64          0          0   ROM Totals

==============================================================================

    Total RO  Size (Code + RO Data)                 6664 (   6.51kB)
    Total RW  Size (RW Data + ZI Data)              1320 (   1.29kB)
    Total ROM Size (Code + RO Data + RW Data)       6728 (   6.57kB)

==============================================================================

